==================================================
 Nibli Neuro-Symbolic Engine - V4 Typed Pipeline  
==================================================
Compute backend: built-in only (set NIBLI_COMPUTE_ADDR=host:port for external)
Fuel budget: 50000000000 per command
Memory limit: 512 MB
Maximum chain depth: 10
Existential import: OFF (clean-core — universals do not mint witnesses)
Loading WebAssembly Component from /home/dhilipsiva/projects/dhilipsiva/nibli/target/wasm32-wasip2/release/nibli.wasm...
Ready. Commands: :quit :reset :load <file> :facts [--all] :depth [n] :retract <id> :debug <text> :compute [name] :assert <rel> <args..> :backend [addr] :fuel [n] :memory [mb] :strict [on|off] :existential-import [on|off] :materialize [on|off] :db :help
Prefix '?' for queries with proof trace, '??' for find, plain text for assertions.

nibli> :fuel 50000000000
[Fuel] Budget set to 50000000000
nibli> :depth 10
[Depth] Maximum chain depth: 10
nibli> all $x: dog($x) -> animal($x).
nibli> all $x: cat($x) -> animal($x).
nibli> dog(N47).
nibli> cat(N47).
nibli> :certify animal(N47).
{"schema":2,"engine_version":"0.2.0","profile":{"strict":false,"existential_import":false,"materialization":true,"max_chain_depth":10},"query":"animal(N47).","result":"True","trace":{"steps":[{"rule":{"type":"asserted","fact":"dog(sk_4)","sources":[{"id":2,"label":"dog(N47)."}]},"holds":true,"children":[]},{"rule":{"type":"asserted","fact":"dog_x1(sk_4, n47)","sources":[{"id":2,"label":"dog(N47)."}]},"holds":true,"children":[]},{"rule":{"type":"asserted","fact":"dog_x2(sk_4, _)","sources":[{"id":2,"label":"dog(N47)."}]},"holds":true,"children":[]},{"rule":{"type":"derived","label":"dog ∧ dog_x1 ∧ dog_x2 → animal ∧ animal_x1 ∧ animal_x2","fact":"animal(sk_1(n47))","sources":[{"assertion_id":0,"rule_ordinal":0,"assertion_label":"all $x: dog($x) -> animal($x)."}]},"holds":true,"children":[0,1,2]},{"rule":{"type":"proof_ref","fact":"dog(sk_4)"},"holds":true,"children":[0]},{"rule":{"type":"proof_ref","fact":"dog_x1(sk_4, n47)"},"holds":true,"children":[1]},{"rule":{"type":"proof_ref","fact":"dog_x2(sk_4, _)"},"holds":true,"children":[2]},{"rule":{"type":"derived","label":"dog ∧ dog_x1 ∧ dog_x2 → animal ∧ animal_x1 ∧ animal_x2","fact":"animal_x1(sk_1(n47), n47)","sources":[{"assertion_id":0,"rule_ordinal":0,"assertion_label":"all $x: dog($x) -> animal($x)."}]},"holds":true,"children":[4,5,6]},{"rule":{"type":"conjunction"},"holds":true,"children":[3,7]},{"rule":{"type":"proof_ref","fact":"dog(sk_4)"},"holds":true,"children":[0]},{"rule":{"type":"proof_ref","fact":"dog_x1(sk_4, n47)"},"holds":true,"children":[1]},{"rule":{"type":"proof_ref","fact":"dog_x2(sk_4, _)"},"holds":true,"children":[2]},{"rule":{"type":"derived","label":"dog ∧ dog_x1 ∧ dog_x2 → animal ∧ animal_x1 ∧ animal_x2","fact":"animal_x2(sk_1(n47), _)","sources":[{"assertion_id":0,"rule_ordinal":0,"assertion_label":"all $x: dog($x) -> animal($x)."}]},"holds":true,"children":[9,10,11]},{"rule":{"type":"conjunction"},"holds":true,"children":[8,12]},{"rule":{"type":"exists_witness","var":"_ev0","term":{"constant":"sk_1(n47)"},"origin":"generated_witness"},"holds":true,"children":[13]}],"root":14,"naf_dependent":false,"cwa_false":false}}
nibli> :retract 2
[Retract] Fact #2 retracted. KB rebuilt.
nibli> :certify animal(N47).
{"schema":2,"engine_version":"0.2.0","profile":{"strict":false,"existential_import":false,"materialization":true,"max_chain_depth":10},"query":"animal(N47).","result":"True","trace":{"steps":[{"rule":{"type":"asserted","fact":"cat(sk_5)","sources":[{"id":3,"label":"cat(N47)."}]},"holds":true,"children":[]},{"rule":{"type":"asserted","fact":"cat_x1(sk_5, n47)","sources":[{"id":3,"label":"cat(N47)."}]},"holds":true,"children":[]},{"rule":{"type":"asserted","fact":"cat_x2(sk_5, _)","sources":[{"id":3,"label":"cat(N47)."}]},"holds":true,"children":[]},{"rule":{"type":"derived","label":"cat ∧ cat_x1 ∧ cat_x2 → animal ∧ animal_x1 ∧ animal_x2","fact":"animal(sk_3(n47))","sources":[{"assertion_id":1,"rule_ordinal":0,"assertion_label":"all $x: cat($x) -> animal($x)."}]},"holds":true,"children":[0,1,2]},{"rule":{"type":"proof_ref","fact":"cat(sk_5)"},"holds":true,"children":[0]},{"rule":{"type":"proof_ref","fact":"cat_x1(sk_5, n47)"},"holds":true,"children":[1]},{"rule":{"type":"proof_ref","fact":"cat_x2(sk_5, _)"},"holds":true,"children":[2]},{"rule":{"type":"derived","label":"cat ∧ cat_x1 ∧ cat_x2 → animal ∧ animal_x1 ∧ animal_x2","fact":"animal_x1(sk_3(n47), n47)","sources":[{"assertion_id":1,"rule_ordinal":0,"assertion_label":"all $x: cat($x) -> animal($x)."}]},"holds":true,"children":[4,5,6]},{"rule":{"type":"conjunction"},"holds":true,"children":[3,7]},{"rule":{"type":"proof_ref","fact":"cat(sk_5)"},"holds":true,"children":[0]},{"rule":{"type":"proof_ref","fact":"cat_x1(sk_5, n47)"},"holds":true,"children":[1]},{"rule":{"type":"proof_ref","fact":"cat_x2(sk_5, _)"},"holds":true,"children":[2]},{"rule":{"type":"derived","label":"cat ∧ cat_x1 ∧ cat_x2 → animal ∧ animal_x1 ∧ animal_x2","fact":"animal_x2(sk_3(n47), _)","sources":[{"assertion_id":1,"rule_ordinal":0,"assertion_label":"all $x: cat($x) -> animal($x)."}]},"holds":true,"children":[9,10,11]},{"rule":{"type":"conjunction"},"holds":true,"children":[8,12]},{"rule":{"type":"exists_witness","var":"_ev0","term":{"constant":"sk_3(n47)"},"origin":"generated_witness"},"holds":true,"children":[13]}],"root":14,"naf_dependent":false,"cwa_false":false}}
nibli> :retract 3
[Retract] Fact #3 retracted. KB rebuilt.
nibli> :certify animal(N47).
{"schema":2,"engine_version":"0.2.0","profile":{"strict":false,"existential_import":false,"materialization":true,"max_chain_depth":10},"query":"animal(N47).","result":"False","trace":{"steps":[{"rule":{"type":"exists_failed"},"holds":false,"children":[]}],"root":0,"naf_dependent":false,"cwa_false":true}}
nibli> dog(N47).
nibli> :certify animal(N47).
{"schema":2,"engine_version":"0.2.0","profile":{"strict":false,"existential_import":false,"materialization":true,"max_chain_depth":10},"query":"animal(N47).","result":"True","trace":{"steps":[{"rule":{"type":"asserted","fact":"dog(sk_4)","sources":[{"id":4,"label":"dog(N47)."}]},"holds":true,"children":[]},{"rule":{"type":"asserted","fact":"dog_x1(sk_4, n47)","sources":[{"id":4,"label":"dog(N47)."}]},"holds":true,"children":[]},{"rule":{"type":"asserted","fact":"dog_x2(sk_4, _)","sources":[{"id":4,"label":"dog(N47)."}]},"holds":true,"children":[]},{"rule":{"type":"derived","label":"dog ∧ dog_x1 ∧ dog_x2 → animal ∧ animal_x1 ∧ animal_x2","fact":"animal(sk_1(n47))","sources":[{"assertion_id":0,"rule_ordinal":0,"assertion_label":"all $x: dog($x) -> animal($x)."}]},"holds":true,"children":[0,1,2]},{"rule":{"type":"proof_ref","fact":"dog(sk_4)"},"holds":true,"children":[0]},{"rule":{"type":"proof_ref","fact":"dog_x1(sk_4, n47)"},"holds":true,"children":[1]},{"rule":{"type":"proof_ref","fact":"dog_x2(sk_4, _)"},"holds":true,"children":[2]},{"rule":{"type":"derived","label":"dog ∧ dog_x1 ∧ dog_x2 → animal ∧ animal_x1 ∧ animal_x2","fact":"animal_x1(sk_1(n47), n47)","sources":[{"assertion_id":0,"rule_ordinal":0,"assertion_label":"all $x: dog($x) -> animal($x)."}]},"holds":true,"children":[4,5,6]},{"rule":{"type":"conjunction"},"holds":true,"children":[3,7]},{"rule":{"type":"proof_ref","fact":"dog(sk_4)"},"holds":true,"children":[0]},{"rule":{"type":"proof_ref","fact":"dog_x1(sk_4, n47)"},"holds":true,"children":[1]},{"rule":{"type":"proof_ref","fact":"dog_x2(sk_4, _)"},"holds":true,"children":[2]},{"rule":{"type":"derived","label":"dog ∧ dog_x1 ∧ dog_x2 → animal ∧ animal_x1 ∧ animal_x2","fact":"animal_x2(sk_1(n47), _)","sources":[{"assertion_id":0,"rule_ordinal":0,"assertion_label":"all $x: dog($x) -> animal($x)."}]},"holds":true,"children":[9,10,11]},{"rule":{"type":"conjunction"},"holds":true,"children":[8,12]},{"rule":{"type":"exists_witness","var":"_ev0","term":{"constant":"sk_1(n47)"},"origin":"generated_witness"},"holds":true,"children":[13]}],"root":14,"naf_dependent":false,"cwa_false":false}}
nibli> :quit
