==================================================
 Nibli Neuro-Symbolic Engine - V4 Typed Pipeline  
==================================================
Compute backend: built-in only (set NIBLI_COMPUTE_ADDR=host:port for external)
Fuel budget: 50000000000 per command
Memory limit: 512 MB
Maximum chain depth: 10
Existential import: OFF (clean-core — universals do not mint witnesses)
Loading WebAssembly Component from /home/dhilipsiva/projects/dhilipsiva/nibli/target/wasm32-wasip2/release/nibli.wasm...
Ready. Commands: :quit :reset :load <file> :facts [--all] :depth [n] :retract <id> :debug <text> :compute [name] :assert <rel> <args..> :backend [addr] :fuel [n] :memory [mb] :strict [on|off] :existential-import [on|off] :materialize [on|off] :db :help
Prefix '?' for queries with proof trace, '??' for find, plain text for assertions.

nibli> :fuel 50000000000
[Fuel] Budget set to 50000000000
nibli> :depth 10
[Depth] Maximum chain depth: 10
nibli> all $a, $b, $c: earlier($a, $b) & earlier($b, $c) -> earlier($a, $c).
nibli> earlier(N2, N0).
nibli> earlier(N1, N4).
nibli> earlier(N0, N1).
nibli> earlier(N4, N3).
nibli> :certify earlier(N3, N2).
{"schema":2,"engine_version":"0.2.0","profile":{"strict":false,"existential_import":false,"materialization":true,"max_chain_depth":10},"query":"earlier(N3, N2).","result":"False","trace":{"steps":[{"rule":{"type":"predicate_check","method":"indeterminate","detail":"resource-exceeded:Depth"},"holds":false,"children":[]},{"rule":{"type":"predicate_check","method":"indeterminate","detail":"resource-exceeded:Depth"},"holds":false,"children":[]},{"rule":{"type":"conjunction"},"holds":false,"children":[0,1]},{"rule":{"type":"predicate_not_found","predicate":"earlier_x2(sk_2((n3, n0)), n2)"},"holds":false,"children":[]},{"rule":{"type":"conjunction"},"holds":false,"children":[2,3]},{"rule":{"type":"predicate_check","method":"indeterminate","detail":"resource-exceeded:Depth"},"holds":false,"children":[]},{"rule":{"type":"predicate_check","method":"indeterminate","detail":"resource-exceeded:Depth"},"holds":false,"children":[]},{"rule":{"type":"conjunction"},"holds":false,"children":[5,6]},{"rule":{"type":"predicate_not_found","predicate":"earlier_x2(sk_2((n3, n1)), n2)"},"holds":false,"children":[]},{"rule":{"type":"conjunction"},"holds":false,"children":[7,8]},{"rule":{"type":"rule_attempt_failed","rule_label":"earlier ∧ earlier_x1 ∧ earlier_x2 ∧ earlier ∧ earlier_x1 ∧ earlier_x2 → earlier ∧ earlier_x1 ∧ earlier_x2","failed_condition":"earlier(?ev___ev0)"},"holds":false,"children":[]},{"rule":{"type":"predicate_not_found","predicate":"earlier(sk_2((n3, n2)))"},"holds":false,"children":[10]},{"rule":{"type":"conjunction"},"holds":false,"children":[11]},{"rule":{"type":"conjunction"},"holds":false,"children":[12]},{"rule":{"type":"predicate_check","method":"indeterminate","detail":"resource-exceeded:Depth"},"holds":false,"children":[]},{"rule":{"type":"predicate_check","method":"indeterminate","detail":"resource-exceeded:Depth"},"holds":false,"children":[]},{"rule":{"type":"conjunction"},"holds":false,"children":[14,15]},{"rule":{"type":"predicate_not_found","predicate":"earlier_x2(sk_2((n3, n3)), n2)"},"holds":false,"children":[]},{"rule":{"type":"conjunction"},"holds":false,"children":[16,17]},{"rule":{"type":"predicate_check","method":"indeterminate","detail":"resource-exceeded:Depth"},"holds":false,"children":[]},{"rule":{"type":"predicate_check","method":"indeterminate","detail":"resource-exceeded:Depth"},"holds":false,"children":[]},{"rule":{"type":"conjunction"},"holds":false,"children":[19,20]},{"rule":{"type":"predicate_not_found","predicate":"earlier_x2(sk_2((n3, n4)), n2)"},"holds":false,"children":[]},{"rule":{"type":"conjunction"},"holds":false,"children":[21,22]},{"rule":{"type":"rule_attempt_failed","rule_label":"earlier ∧ earlier_x1 ∧ earlier_x2 ∧ earlier ∧ earlier_x1 ∧ earlier_x2 → earlier ∧ earlier_x1 ∧ earlier_x2","failed_condition":"earlier(?ev___ev0)"},"holds":false,"children":[]},{"rule":{"type":"predicate_not_found","predicate":"earlier(sk_2((n3, sk_3)))"},"holds":false,"children":[24]},{"rule":{"type":"conjunction"},"holds":false,"children":[25]},{"rule":{"type":"conjunction"},"holds":false,"children":[26]},{"rule":{"type":"rule_attempt_failed","rule_label":"earlier ∧ earlier_x1 ∧ earlier_x2 ∧ earlier ∧ earlier_x1 ∧ earlier_x2 → earlier ∧ earlier_x1 ∧ earlier_x2","failed_condition":"earlier(?ev___ev0)"},"holds":false,"children":[]},{"rule":{"type":"predicate_not_found","predicate":"earlier(sk_2((n3, sk_4)))"},"holds":false,"children":[28]},{"rule":{"type":"conjunction"},"holds":false,"children":[29]},{"rule":{"type":"conjunction"},"holds":false,"children":[30]},{"rule":{"type":"rule_attempt_failed","rule_label":"earlier ∧ earlier_x1 ∧ earlier_x2 ∧ earlier ∧ earlier_x1 ∧ earlier_x2 → earlier ∧ earlier_x1 ∧ earlier_x2","failed_condition":"earlier(?ev___ev0)"},"holds":false,"children":[]},{"rule":{"type":"predicate_not_found","predicate":"earlier(sk_2((n3, sk_5)))"},"holds":false,"children":[32]},{"rule":{"type":"conjunction"},"holds":false,"children":[33]},{"rule":{"type":"conjunction"},"holds":false,"children":[34]},{"rule":{"type":"rule_attempt_failed","rule_label":"earlier ∧ earlier_x1 ∧ earlier_x2 ∧ earlier ∧ earlier_x1 ∧ earlier_x2 → earlier ∧ earlier_x1 ∧ earlier_x2","failed_condition":"earlier(?ev___ev0)"},"holds":false,"children":[]},{"rule":{"type":"predicate_not_found","predicate":"earlier(sk_2((n3, sk_6)))"},"holds":false,"children":[36]},{"rule":{"type":"conjunction"},"holds":false,"children":[37]},{"rule":{"type":"conjunction"},"holds":false,"children":[38]},{"rule":{"type":"exists_failed"},"holds":false,"children":[4,9,13,18,23,27,31,35,39]}],"root":40,"naf_dependent":false,"cwa_false":true}}
nibli> :quit
