
running 256 tests
test abstraction_subject_does_not_leak_inner_predicate ... ok
test a_closed_vocabulary_still_derives_outside_itself ... ok
test a_late_admits_names_the_alphabetically_first_offender ... ok
test a_prior_declaration_does_not_block_a_later_admits_block ... ok
test admits_closes_the_vocabulary_fail_closed ... ok
test an_admits_block_below_the_facts_is_refused ... ok
test an_external_compute_name_is_query_only_even_before_registration ... ok
test afterthought_biconditional_jo_reasons_both_directions ... ok
test arbitrary_compute_names_are_native_raw_ir_only_and_remain_query_only ... ok
test an_undeclared_kb_admits_everything ... ok
test and_statement_negated_conjunct_records_negative_fact ... ok
test assert_numeric_comparison_rejected ... ok
test arithmetic_verdict_and_find_agree_end_to_end ... ok
test assert_then_register_is_refused_until_the_statements_are_retracted ... ok
test assert_stage_failure_is_reasoning_class ... ok
test assertion_coreference_rejects_universal_scope_crossings_atomically ... ok
test and_statement_negated_conjunct_preserves_tense_context ... ok
test be_clause_with_tagged_tail_term_compiles_both ... ok
test bare_negated_restrictor_stays_bare_under_tensed_query ... ok
test belief_does_not_leak_as_actuality ... ok
test binary_restrictor_constant_second_place_fires ... ok
test bare_negated_restrictor_rule_does_not_answer_tensed_goal ... ok
test assert_leading_existential_over_universal_compiles_and_round_trips ... ok
test builtin_arithmetic_verdicts ... ok
test binary_restrictor_negative_control ... ok
test causal_temporal_mapping_must_be_declared_per_rule ... ok
test assertion_coreference_is_shared_inside_one_explicit_universal_scope ... ok
test binary_restrictor_rule_fires ... ok
test certify_binds_verdict_trace_profile_and_version_across_the_matrix ... ok
test cll_place_counter_x3_tag_then_untagged ... ok
test closed_world_false_carries_cwa_note_but_numeric_false_does_not ... ok
test conjoined_tails_assert_both_conjuncts ... ok
test conjoined_tails_fused_negation_negates_right_tail ... ok
test compute_role_predicates_do_not_anchor_existential_narrowing ... ok
test conjoined_tails_all_negative_conjunction_accepted ... ok
test conjoined_tails_genesis_negated_tail_verse ... ok
test conjoined_tails_or_assert_stays_fail_closed_like_or_statement ... ok
test conjoined_tails_retraction_removes_both_conjuncts_and_negative_entry ... ok
test conjoined_tails_per_tail_trailing_argument ... ok
test conjoined_tails_negated_tail_records_negative_fact_for_contradiction ... ok
test conjoined_tails_xor_negated_tail_fabricates_no_contradiction ... ok
test count_inside_opaque_abstraction_is_content_not_an_assertion ... ok
test conjunctive_where_clauses_require_both ... ok
test connected_arguments_under_x1_tag_hold_for_both ... ok
test connected_under_x1_tag_negative_control ... ok
test ddi_dose_sum_aggregation ... ok
test ddi_corpus_transcript_pins ... ok
test ddi_general_rules_fire_for_second_drug ... ok
test ddi_file_loads_clean ... ok
test ddi_regimen_count_aggregation ... ok
test ddi_belief_revision_discontinue_drug ... ok
test ddi_headline_warfarin_fluconazole_alert ... ok
test ddi_belief_revision_discontinue_inhibitor ... ok
test ddi_temporal_alert_discrimination ... ok
test ddi_toxicity_requires_both_conditions ... ok
test ddi_witness_cyp2c9_substrates ... ok
test ddi_why_alert_chains_to_the_regimen ... ok
test deontic_negated_fact_asserts_ok ... ok
test deontic_permitted_and_obligatory_matrix ... ok
test deontic_rule_condition_is_flavor_exact ... ok
test deep_chain_query_completes_within_watchdog ... ok
test deontic_rule_consequent_derives_flavored_fact ... ok
test derived_only_declaration_order_does_not_matter ... ok
test derived_only_closes_converted_alias_spellings_too ... ok
test derived_only_declaration_is_queryable ... ok
test derived_only_redeclaration_is_idempotent ... ok
test derived_only_is_cleared_by_reset ... ok
test derived_only_is_scoped_to_the_named_relation ... ok
test derived_only_late_declaration_is_fine_after_rules_only ... ok
test derived_only_refuses_an_inert_late_declaration ... ok
test derived_only_refuses_direct_assertion ... ok
test derived_only_refusal_is_atomic ... ok
test derived_only_still_derives ... ok
test description_opacity_definite_vs_indefinite ... ok
test disjunctive_conclusion_contradiction_flagged ... ok
test disjunctive_conclusion_jo_ju_stay_fail_closed ... ok
test derived_only_survives_retraction_and_replay ... ok
test disjunctive_conclusion_one_denied_no_contradiction ... ok
test disjunctive_existential_witness ... ok
test disjunctive_query_still_works ... ok
test disjunctive_forethought_implication_fires ... ok
test disjunctive_restrictor_negative_control ... ok
test disjunctive_restrictor_fires_via_right_branch ... ok
test disjunctive_restrictor_fires_via_left_branch ... ok
test engine_cancel_flag_aborts_query ... ok
test equals_over_numeric_literals ... ok
test equals_surface_equivalence_is_symmetric ... ok
test ddi_why_toxicity_is_concrete_and_domain_termed ... ok
test equals_surface_equivalence_transfers_fact ... ok
test entity_existentials_are_untouched_by_the_anchor_fix ... ok
test equals_surface_negative_control ... ok
test equals_equivalence_transfers_across_tense_flavor ... ok
test exact_count_collapses_equals_classes ... ok
test exact_count_assertions_are_query_only_in_every_import_profile ... ok
test exact_count_queries_observe_current_facts_and_provenance ... ok
test exact_count_query_over_ground_facts ... ok
test executable_compute_is_query_only_in_facts_and_rules ... ok
test existential_import_profile_applies_to_aggregate_enumeration ... ok
test exact_count_ranges_over_asserted_numbers ... ok
test existential_import_profile_switch_rebuilds_loaded_rules_immediately ... ok
test existential_import_profiles_are_algebraically_coherent_and_retractable ... ok
test existentially_scoped_ground_conditional_registers_and_chains ... ok
test assertion_coreference_survives_rebuild_reopen_and_retraction ... ok
test cyclic_rules_do_not_hang_count ... ok
test find_expands_du_aliases_from_the_index ... ok
test explicit_import_counts_imported_witness ... ok
test find_dependent_skolem_witness_event_decomposed_is_bound ... ok
test find_witness_output_order_is_deterministic ... ok
test find_witnesses_collapse_equals_and_events ... ok
test future_existential_witness_query ... ok
test explicitly_tensed_rule_condition_is_flavor_exact ... ok
test future_rule_consequent_derives_future_fact ... ok
test forethought_implication_reasons ... ok
test gdpr_art5_accuracy_applies_to_health_data ... ok
test gdpr_belief_revision_consent_withdrawal ... ok
test gdpr_breach_notification ... ok
test gdpr_erasure_rule_via_negated_consent_restrictor ... ok
test forethought_biconditional_go_gi_reasons_both_directions ... ok
test gdpr_file_loads_clean ... ok
test gdpr_corpus_transcript_pins ... ok
test gdpr_erasure_rule_is_per_subject ... ok
test gdpr_lawful_basis_via_contract ... ok
test gdpr_special_category_requires_stricter_basis ... ok
test gdpr_why_lawful_basis_is_domain_termed ... ok
test gdpr_right_of_access_dsar ... ok
test ground_conditional_with_existential_conclusion ... ok
test ground_obligation_does_not_imply_actuality ... ok
test iju_negated_operand_fabricates_no_contradiction ... ok
test implication_tensed_antecedent_fires_with_premise ... ok
test impure_negation_body_stays_fail_closed ... ok
test injected_fact_is_findable_as_witness ... ok
test imported_and_numeric_witnesses_share_one_counting_algebra ... ok
test incidental_clause_predicate_is_asserted ... ok
test injected_fact_matches_surface_text_query ... ok
test injected_known_over_arity_fails_closed ... ok
test injected_fact_multiplace_arity_padding_matches_text_query ... ok
test injected_unknown_arity_is_callers_count ... ok
test la_name_assertion ... ok
test lo_under_connective_is_per_occurrence_existential ... ok
test multi_sentence_assertion ... ok
test legacy_persisted_count_buffer_fails_replay_without_deleting_the_row ... ok
test multiple_independent_facts ... ok
test naf_antecedent_rule_fires_and_blocks ... ok
test named_query_variable_corefers_across_conjuncts ... ok
test native_compute_backend_is_opt_in ... ok
test native_compute_backend_real_python_tenfa ... ignored, starts the Python compute backend; run with --ignored from the repo root
test negated_conjunct_inside_existential_records_for_contradictions ... ok
test negated_tail_xor_forward_half_reasons ... ok
test negation_inside_abstraction_fabricates_no_contradiction ... ok
test native_compute_backend_dispatches_external_predicate ... ok
test not_equals_surface_contradiction ... ok
test naf_over_a_numeric_existential_inverts_the_corrected_verdict ... ok
test numeric_terms_are_universal_domain_members ... ok
test named_assertion_variable_corefers_across_conjuncts_and_rules ... ok
test now_and_future_naf_restrictors_blocked_by_matching_witness ... ok
test object_position_existential_import_no_phantom_entity ... ok
test object_position_universal_fires ... ok
test object_position_universal_negative_control ... ok
test obligatory_rule_consequent_derives_obligatory_fact ... ok
test legacy_persisted_external_compute_row_fails_replay_without_deleting_the_row ... ok
test gdpr_full_corpus_lawful_basis_query_completes ... ok
test object_position_count_object_fails_closed ... ok
test numeric_threshold_verdict_and_find_agree ... ok
test over_arity_untagged_argument_is_rejected ... ok
test overflowing_numeric_literal_fails_closed_at_parse ... ok
test parse_error_returns_syntax_error ... ok
test per_instance_compute_dispatch_is_isolated ... ok
test partial_parse_fails_closed_for_query ... ok
test nested_opaque_abstraction_identity_survives_persistence ... ok
test persisted_ordinary_facts_block_registration_after_reopen ... ok
test opaque_abstraction_identity_survives_persistence_and_retraction ... ok
test internal_skolem_and_user_sk_0_remain_distinct_across_reopen_and_retraction ... ok
test persistent_engine_discards_legacy_typed_mirror_before_registry_replay ... ok
test persistent_engine_replays_asserted_facts_after_reopen ... ok
test predicate_less_clause_rejected ... ok
test prenex_cross_entity_join_fires ... ok
test prenex_cross_entity_join_negative_control ... ok
test persistent_duplicate_assertion_citations_survive_reopen_and_retraction ... ok
test prenex_symmetric_rule_fires ... ok
test prenex_tensed_body_universal_rejected ... ok
test prenex_join_terminates_without_blowup ... ok
test present_rule_consequent_derives_present_fact ... ok
test proof_trace_contains_asserted_for_ground_fact ... ok
test proof_trace_json_valid_for_derived_fact ... ok
test punishment_rule_alone_is_stratifiable ... ok
test query_holds_matches_proof_query_boolean ... ok
test persistent_engine_rejects_legacy_hash_only_abstraction_rows ... ok
test query_leading_existential_over_universal ... ok
test persistent_engine_never_journals_proof_local_compute_results ... ok
test query_parse_error ... ok
test rendered_proofs_carry_no_lojban_description_or_identity_spelling ... ok
test reset_clears_knowledge_base ... ok
test reset_reopens_the_vocabulary ... ok
test reset_then_reassert_replaces_previous_kb_contents ... ok
test restrictive_where_does_not_assert_incidental ... ok
test retraction_replay_does_not_reopen_the_vocabulary ... ok
test reversed_disjunction_assertion_order_invariant ... ok
test persistent_direct_and_text_assertions_share_source_ids_and_replay ... ok
test reversed_disjunction_reasons_modus_ponens ... ok
test rights_floor_blocks_punishment_for_lacking_it ... ok
test persistent_engine_honors_store_retractions_after_reopen ... ok
test rights_floor_does_not_fabricate_the_actuality ... ok
test rights_floor_entitled_asserts_and_routes ... ok
test simple_assertion_and_query ... ok
test rights_floor_protection_is_placement_dependent ... ok
test second_witness_family_survives_skolem_registry_dedup ... ok
test simple_negation_query_false ... ok
test stacked_tense_deontic_is_a_fail_closed_surface_error ... ok
test stratification_conservatively_collapses_temporal_flavors ... ok
test stacked_where_clauses_conjoin_both ... ok
test surface_numeric_comparison_greater_less_num_equal ... ok
test surface_numeric_float_tolerance ... ok
test surface_numeric_negation ... ok
test surface_numeric_sumji_dilcu ... ok
test surface_numeric_traced_verdicts_agree ... ok
test taxonomy_temporal_propagation_must_be_declared_per_rule ... ok
test temporal_future_and_present_matrix ... ok
test temporal_past_assertion_and_query ... ok
test temporal_tense_discrimination ... ok
test rejected_persistent_assertion_never_commits_or_consumes_an_id ... ok
test tensed_conclusion_prenex_fires ... ok
test tensed_leading_existential_over_universal_rejected ... ok
test tensed_find_enumerates_witnesses_per_flavor ... ok
test tensed_conclusion_implication_fires ... ok
test persistent_engine_retraction_via_engine_api_survives_reopen ... ok
test tensed_negated_restrictor_bare_witness_does_not_block ... ok
test tensed_negated_restrictor_blocked_by_past_witness ... ok
test tensed_negated_restrictor_fires_without_witness ... ok
test tensed_negated_restrictor_future_witness_does_not_block ... ok
test surface_numeric_pilji_true_and_false ... ok
test tensed_negation_is_flavor_exact ... ok
test tensed_restrictor_bare_premise_control ... ok
test tensed_restrictor_rule_fires ... ok
test tensed_restrictor_negative_control ... ok
test text_compute_registration_is_corpus_scoped_arity_checked_and_flavor_preserving ... ok
test the_converted_duty_alias_compiles_and_reasons_in_every_corpus_shape ... ok
test tensed_restrictor_wrong_tense_control ... ok
test trailing_negation_multi_disjunct_registers_constraint ... ok
test universal_rule_chain_syllogism ... ok
test trailing_existential_after_universal_is_per_witness ... ok
test universal_rule_with_named_entity ... ok
test unresolvable_query_after_reset_errors ... ok
test utopia_style_derived_negation_contradiction_flagged ... ok
test untensed_universal_still_compiles_and_fires ... ok
test whole_rule_deontic_universal_rejected ... ok
test v2_text_row_migrates_via_real_compiler_and_replays ... ok
test validate_is_compile_only_while_assert_text_enforces_admission ... ok
test whole_rule_tense_universal_rejected ... ok
test via_modal_arity_one_rejected ... ok
test x2_conversion_assertion_and_query ... ok
test x5_conversion_swaps_x1_and_x5 ... ok
test x3_conversion_swaps_x1_and_x3 ... ok
test rejected_persistent_count_leaves_no_row_and_quoted_count_reopens ... ok
test v2_engine_db_restamps_to_v3_and_replays ... ok
test utopia_file_loads_and_pins ... ok
test conjoined_tails_iff_and_whether_assert_behavior_pinned ... ok

test result: ok. 255 passed; 0 failed; 1 ignored; 0 measured; 0 filtered out; finished in 1.46s

