
running 642 tests
test materialize::strata_tests::a_negative_self_loop_terminates_rather_than_diverging ... ok
test materialize::strata_tests::a_positive_cycle_shares_one_stratum ... ok
test materialize::strata_tests::a_negative_edge_raises_the_reader_one_stratum ... ok
test materialize::strata_tests::condition_only_leaf_predicates_are_labelled ... ok
test materialize::strata_tests::edb_only_graph_is_all_stratum_zero ... ok
test materialize::strata_tests::labels_are_stable_across_repeated_computation ... ok
test materialize::strata_tests::negative_edges_stack_along_a_chain ... ok
test materialize::strata_tests::the_longest_negative_path_wins_not_the_first_found ... ok
test reasoning::combiner_tests::conjunction_truth_table ... ok
test reasoning::combiner_tests::disjunction_truth_table ... ok
test reasoning::witness_enumeration_incomplete_tests::every_non_definitive_verdict_refuses_witness_enumeration ... ok
test reasoning::combiner_tests::exhaustive_soundness_matches_lean_model ... ok
test rules::pattern_variable_tests::local_pattern_binding_matches_clone_and_insert_without_leaking ... ok
test rules::pattern_variable_tests::local_pattern_templates_preserve_shadowing_skolems_recursion_and_refusal ... ok
test tests::assertions::asserted_compute_classifier_respects_roots_opacity_and_cycles ... ok
test tests::assertions::asserted_count_classifier_respects_roots_opacity_and_cycles ... ok
test tests::assertions::count_assumptions_are_rejected_without_mutating_the_real_kb ... ok
test tests::assertions::batches_preflight_single_roots_once_and_multi_roots_before_allocation ... ok
test tests::assertions::failed_assertion_does_not_leak_assertion_id ... ok
test tests::assertions::count_content_inside_an_opaque_abstraction_does_not_join_the_outer_domain ... ok
test fact_store::abstraction_store_boundary_tests::with_store_requires_an_empty_mirror_and_authoritative_registry_replay ... ok
test rules::stratification_conformance::check_stratification_matches_proven_criterion ... ok
test rules::stratification_conformance::compute_sccs_matches_scc_spec ... ok
test tests::assertions::raw_compute_assertions_reject_in_fact_and_every_rule_position ... ok
test tests::assertions::raw_count_assertions_reject_before_state_or_id_mutation ... ok
test tests::assertions::multi_root_partial_failure_is_atomic ... ok
test tests::assertions::rebuild_preserves_user_arg_sorts ... ok
test tests::assertions::test_assert_fact_with_number_terms ... ok
test tests::assertions::test_assert_multiple_roots ... ok
test tests::assertions::test_compute_dilcu_correct ... ok
test tests::assertions::test_compute_pilji_correct ... ok
test tests::assertions::test_compute_dilcu_incorrect ... ok
test tests::assertions::test_compute_pilji_incorrect ... ok
test tests::assertions::test_compute_sumji_correct ... ok
test tests::assertions::test_compute_sumji_incorrect ... ok
test tests::assertions::refused_candidates_are_discarded_without_registry_replay ... ok
test tests::assertions::test_count_exact_match ... ok
test tests::assertions::skolemized_root_exists_over_conditional_registers_and_chains ... ok
test tests::assertions::test_greater_holds ... ok
test tests::assertions::test_greater_rejects_smaller ... ok
test tests::assertions::test_less_holds ... ok
test tests::assertions::test_count_mismatch ... ok
test tests::assertions::test_num_equal_holds ... ok
test tests::assertions::test_num_equal_rejects_unequal ... ok
test tests::compute_ingest::external_compute_accepts_public_constants_and_descriptions_on_both_shapes ... ok
test tests::compute_ingest::external_compute_is_query_local_on_flat_and_surface_paths ... ok
test tests::compute_ingest::assert_typed_fact_invalidates_pred_cache ... ok
test tests::compile_surface_smoke ... ok
test tests::compute_ingest::built_in_compute_is_query_local_and_does_not_grow_kb_state ... ok
test tests::compute_ingest::malformed_batch_cardinality_falls_back_instead_of_fabricating_a_verdict ... ok
test tests::compute_ingest::pred_cache_is_per_instance_no_cross_kb_leak ... ok
test tests::compute_ingest::malformed_quantified_batches_are_non_definitive_and_non_mutating_end_to_end ... ok
test tests::compute_trace::count_mismatch_uses_structural_compute_evidence_in_both_directions ... ok
test tests::compute_trace::false_exists_records_every_compute_decision_and_is_not_cwa_false ... ok
test tests::compute_trace::count_trace_carries_the_memoized_compute_evidence_for_each_member ... ok
test tests::compute_ingest::quantified_compute_fast_paths_leave_all_logical_state_unchanged ... ok
test tests::compute_trace::nested_negation_preserves_definitive_compute_false_but_not_cwa_absence ... ok
test tests::compute_trace::traced_query_dispatches_each_external_call_once_across_probe_and_trace ... ok
test tests::conditionals_deontic::reversed_arm_nonleaf_not_body_no_longer_registers_zero_condition_rule ... ok
test tests::conditionals_deontic::test_bare_does_not_imply_obligation ... ok
test tests::conditionals_deontic::reversed_material_conditional_surface_modus_ponens ... ok
test tests::conditionals_deontic::reversed_and_forward_spellings_behave_identically ... ok
test tests::conditionals_deontic::test_deontic_conditional_chain ... ok
test tests::conditionals_deontic::test_deontic_needs_assert_query ... ok
test tests::conditionals_deontic::test_deontic_obliged_assert_query ... ok
test tests::conditionals_deontic::test_deontic_permits_assert_query ... ok
test tests::conditionals_deontic::test_deontic_universal_obligation ... ok
test tests::conditionals_deontic::test_material_conditional_antecedent_not_satisfied ... ok
test tests::conditionals_deontic::test_material_conditional_chain ... ok
test tests::conditionals_deontic::test_material_conditional_modus_ponens ... ok
test tests::conditionals_deontic::test_material_conditional_modus_ponens_reversed_order ... ok
test tests::conditionals_deontic::test_material_conditional_modus_tollens ... ok
test tests::conditionals_deontic::reversed_material_conditional_surface_negative_controls ... ok
test tests::conditionals_deontic::test_obligatory_assert_query ... ok
test tests::conditionals_deontic::test_obligatory_distinct_from_bare ... ok
test tests::conditionals_deontic::test_permitted_assert_query ... ok
test tests::conditionals_deontic::reversed_material_conditional_surface_order_invariant ... ok
test tests::conditionals_deontic::test_permitted_distinct_from_bare ... ok
test tests::contradiction_reports::contradictions_report_derived_integrity_conjunction ... ok
test tests::contradiction_reports::contradictions_report_disjunctive_matching_keeps_generated_identity ... ok
test tests::compute_trace::cwa_false_is_determined_by_formula_structure_not_a_global_compute_scan ... ok
test tests::assertions::test_assert_fact_with_description_terms ... ok
test tests::contradiction_reports::contradictions_report_derived_disjunction_surface_and_retraction ... ok
test tests::contradiction_reports::contradictions_report_incomplete_never_reads_as_clean ... ok
test tests::contradiction_reports::contradictions_report_discloses_unsupported_assertions_and_replays ... ok
test tests::contradiction_reports::contradictions_report_direct_and_derived_negatives ... ok
test tests::contradiction_reports::contradictions_report_preserves_deontic_flavors ... ok
test tests::descriptions_events::test_backward_chain_derives_facts ... ok
test tests::descriptions_events::test_desc_conjunction_introduction ... ok
test tests::descriptions_events::test_desc_does_not_trigger_rule_without_restrictor ... ok
test tests::descriptions_events::test_desc_exists_witness ... ok
test tests::descriptions_events::test_desc_gets_indomain ... ok
test tests::descriptions_events::test_event_decomposed_existential_import ... ok
test tests::descriptions_events::test_desc_triggers_rule_when_restrictor_satisfied ... ok
test tests::descriptions_events::test_event_decomposed_ground_material_conditional_no_antecedent ... ok
test tests::descriptions_events::test_event_decomposed_ground_material_conditional ... ok
test tests::descriptions_events::test_event_decomposed_rule_fires ... ok
test tests::descriptions_events::test_event_decomposed_multi_hop ... ok
test tests::descriptions_events::test_event_decomposed_proof_trace ... ok
test tests::descriptions_events::test_event_decomposed_rule_selective ... ok
test tests::descriptions_events::test_negated_event_decomposed_rule_compiles_and_fires ... ok
test tests::descriptions_events::test_event_decomposed_temporal_rule ... ok
test tests::descriptions_events::test_negated_event_group_rule_shape ... ok
test tests::disjunctive::tensed_ground_conditional_fails_closed_plain_tensed_fact_still_asserts ... ok
test tests::descriptions_events::test_negated_event_group_self_reference_rejected ... ok
test tests::descriptions_events::test_event_decomposed_entity_after_rule ... ok
test tests::disjunctive::test_conjunctive_je_still_requires_both ... ok
test tests::descriptions_events::test_event_decomposed_ground_biconditional_both_directions ... ok
test tests::contradiction_reports::contradictions_report_keeps_unknown_separate_from_findings ... ok
test tests::disjunctive::test_deontic_obligatory_antecedent_is_flavor_exact ... ok
test tests::disjunctive::test_disjunctive_antecedent_fires_either_branch ... ok
test tests::disjunctive::test_disjunctive_conclusion_registers_constraint ... ok
test tests::disjunctive::test_disjunctive_conclusion_one_disjunct_denied_no_violation ... ok
test tests::disjunctive::test_deontic_permitted_antecedent_is_flavor_exact ... ok
test tests::disjunctive::test_disjunctive_conclusion_retraction_clears_constraint ... ok
test tests::assertions::condition_events_do_not_copy_unused_conclusion_dependencies ... ok
test tests::disjunctive::test_disjunctive_registers_one_rule_per_branch ... ok
test tests::disjunctive::test_disjunctive_conclusion_antecedent_absent_no_violation ... ok
test tests::disjunctive::test_dnf_condition_clauses_cap_rejects_blowup ... ok
test tests::disjunctive::test_dnf_condition_clauses_splits_or_and_distributes_and ... ok
test tests::disjunctive::test_mixed_conclusion_check_detects_derived_antecedent ... ok
test tests::disjunctive::test_mixed_conclusion_dirty_horn_atom_rejected ... ok
test tests::disjunctive::test_mixed_conclusion_registers_horn_and_constraint ... ok
test tests::disjunctive::verbose_flag_defaults_off_and_survives_reset_and_clone ... ok
test tests::disjunctive::test_mixed_conclusion_event_decomposed_no_registry_pollution ... ok
test tests::existential::cancelled_query_returns_err ... ok
test tests::existential::clean_core_default_mints_no_presupposition_witness ... ok
test tests::existential::rule_firing_conformance ... ok
test tests::existential::test_bare_universal_asserts_no_presupposition_witness ... ok
test tests::existential::test_existential_import_presupposition_basic ... ok
test tests::existential::test_existential_import_presupposition_conjunction ... ok
test tests::existential::test_existential_import_presupposition_consequent ... ok
test tests::existential::test_existential_import_presupposition_transitive ... ok
test tests::existential::test_existential_import_presupposition_with_real_entity ... ok
test tests::existential::test_existential_import_presupposition_no_false_positives ... ok
test tests::disjunctive::test_disjunctive_conclusion_flags_when_all_disjuncts_denied ... ok
test tests::disjunctive::test_disjunctive_antecedent_neither_false ... ok
test tests::existential::test_naf_negated_antecedent_rule_shape ... ok
test tests::disjunctive::test_mixed_conclusion_derives_horn_and_fires_constraint ... ok
test tests::existential::test_naf_negated_antecedent_traced ... ok
test tests::existential::test_naf_negated_antecedent_untraced ... ok
test tests::existential::test_native_rule_transitive_chain ... ok
test tests::existential::test_native_rule_duplicate_rule_no_panic ... ok
test tests::existential::test_native_rule_multiple_entities ... ok
test tests::existential::test_native_rule_negated_universal ... ok
test tests::existential::test_prenex_universal_asserts_no_presupposition_witness ... ok
test tests::existential::test_query_result_false_for_missing_fact ... ok
test tests::existential::test_query_result_resource_exceeded_for_depth_limit ... ok
test tests::existential::test_query_result_unknown_for_cycle_cut ... ok
test tests::find_aggregates::a_definitive_rule_head_is_still_enumerated_when_another_rule_attempt_was_naf_cut ... ok
test tests::find_aggregates::a_find_over_a_rule_head_with_an_undecided_negated_antecedent_refuses ... ok
test tests::find_aggregates::aggregate_refuses_a_mixed_numeric_and_constant_column ... ok
test tests::find_aggregates::aggregate_refuses_a_non_finite_operand ... ok
test tests::find_aggregates::arg_index_dedups_reingested_fact ... ok
test tests::find_aggregates::aggregate_refuses_an_overflowed_result ... ok
test tests::find_aggregates::check_contradictions_order_is_deterministic ... ok
test tests::find_aggregates::a_false_conjunct_after_a_naf_cut_still_answers_definitively ... ok
test tests::find_aggregates::domain_member_cache_order_is_deterministic ... ok
test tests::find_aggregates::forall_does_not_quantify_over_event_skolems ... ok
test tests::find_aggregates::find_witness_ordering_is_deterministic_across_kb_instances ... ok
test tests::find_aggregates::aggregate_refuses_a_variable_the_witnesses_do_not_bind ... ok
test tests::find_aggregates::find_reaches_rule_derived_numeric_witnesses ... ok
test tests::find_aggregates::matching_rules_bucket_stays_descending_after_late_registration ... ok
test tests::find_aggregates::test_aggregate_sum ... ok
test tests::find_aggregates::test_aggregate_at_depth_horizon_errs ... ok
test tests::find_aggregates::test_arg_index_cleared_on_reset ... ok
test tests::find_aggregates::test_arg_index_populated ... ok
test tests::find_aggregates::test_contradictions_arity_inconsistency ... ok
test tests::find_aggregates::test_contradictions_none ... ok
test tests::find_aggregates::test_count_undercount_at_depth_horizon_errs ... ok
test tests::find_aggregates::test_count_with_backward_chain ... ok
test tests::find_aggregates::test_count_witnesses_zero ... ok
test tests::find_aggregates::test_count_witnesses_multiple ... ok
test tests::find_aggregates::test_cycle_cut_does_not_poison_sibling_conjunct ... ok
test tests::find_aggregates::test_find_at_depth_horizon_errs ... ok
test tests::find_aggregates::test_find_cycle_cut_errs ... ok
test tests::find_aggregates::test_forward_chain_basic ... ok
test tests::find_aggregates::test_contradictions_integrity_violation ... ok
test tests::find_aggregates::test_forward_chain_naf_rule_kept_backward_only ... ok
test tests::find_aggregates::test_forward_chain_no_flag ... ok
test tests::find_aggregates::test_count_within_budget_is_exact ... ok
test tests::find_aggregates::test_forward_chain_transitive ... ok
test tests::find_aggregates::test_forward_chain_skipped_during_rebuild ... ok
test tests::find_aggregates::test_iterative_deepening_exceeds_max ... ok
test tests::find_aggregates::test_find_event_cycle_terminates_and_errs ... ok
test tests::find_aggregates::test_iterative_deepening_finds_shallow ... ok
test tests::find_aggregates::test_iterative_deepening_returns_false_not_exceeded ... ok
test tests::find_aggregates::test_priority_higher_rule_wins ... ok
test tests::find_aggregates::test_priority_default_zero ... ok
test tests::find_aggregates::test_priority_set_and_query ... ok
test tests::find_aggregates::test_proof_trace_equals_substitution_directly_asserted ... ok
test tests::find_aggregates::test_proof_trace_equals_substitution_rule_derived ... ok
test tests::find_aggregates::test_retract_fact_truth_maintenance ... ok
test tests::find_aggregates::test_sort_hierarchy_transitive ... ok
test tests::find_aggregates::test_retract_equals_truth_maintenance ... ok
test tests::find_aggregates::test_retract_rule_truth_maintenance ... ok
test tests::find_aggregates::test_sort_invalid_entity ... ok
test tests::find_aggregates::test_sort_valid_entity ... ok
test tests::find_aggregates::test_tabling_cache_survives_queries ... ok
test tests::find_aggregates::test_tabling_cross_depth_persistence ... ok
test tests::find_aggregates::test_tabling_invalidated_on_assert ... ok
test tests::find_aggregates::test_sort_unset_no_check ... ok
test tests::find_aggregates::test_tabling_invalidated_on_retract ... ok
test tests::flat_vs_surface::absence_false_is_closed_world ... ok
test tests::flat_vs_surface::equals_substitution_true ... ok
test tests::flat_vs_surface::ground_predicate_true ... ok
test tests::flat_vs_surface::numeric_arithmetic_true ... ok
test tests::flat_vs_surface::numeric_comparison_decided_false_is_not_closed_world ... ok
test tests::flat_vs_surface::numeric_comparison_decided_true ... ok
test tests::flat_vs_surface::naf_rule_true_and_flagged ... ok
test tests::find_aggregates::test_forward_chain_positive_still_enabled ... ok
test tests::flat_vs_surface::universal_modus_ponens_true ... ok
test tests::flat_vs_surface::transitive_chain_true ... ok
test tests::guarded_witnesses::conditional_antecedent_existentials_are_patterns_not_domain_seeds ... ok
test tests::guarded_witnesses::activated_witness_trace_preserves_the_original_noncyclic_guard_support ... ok
test tests::guarded_witnesses::activated_entitlement_does_not_assert_its_quoted_event ... ok
test tests::lifecycle::depth_and_private_assumptions_survive_lifecycle_without_registry_leaks ... ok
test tests::guarded_witnesses::activated_real_witness_does_not_publish_a_sibling_quoted_body ... ok
test tests::guarded_witnesses::implicit_domain_negative_cycle_cannot_certify_an_event_as_an_individual ... ok
test tests::lifecycle::rejected_transaction_preserves_registry_allocator_policy_and_answers ... ok
test tests::guarded_witnesses::zero_dependency_consequent_witness_waits_for_its_guard_and_retraction ... ok
test tests::guarded_witnesses::quoted_individuals_preserve_the_outer_domain_for_ground_and_conditional_assertions ... ok
test tests::lifecycle::recovery_guard_covers_exposed_kb_queries_mutations_and_history ... ok
test tests::lifecycle::withdrawn_metadata_reserves_identity_and_never_becomes_a_premise ... ok
test tests::materialization::a_bare_rebuild_drops_the_saturation ... ok
test tests::materialization::a_delta_propagates_up_every_stratum ... ok
test tests::guarded_witnesses::activated_entitlement_does_not_generate_quoted_individuals ... ok
test tests::materialization::a_flavoured_relation_is_refused_and_still_answers_correctly ... ok
test tests::materialization::a_constant_in_a_rule_body_still_filters_the_join ... ok
test tests::guarded_witnesses::explicit_ground_and_leading_existentials_remain_unconditional ... ok
test tests::lifecycle::transaction_reentrant_use_returns_error_without_panicking ... ok
test tests::materialization::a_first_constant_miss_skips_later_positive_presence_checks ... ok
test tests::materialization::a_fold_costs_delta_work_not_a_full_re_evaluation ... ok
test tests::materialization::a_later_assertion_invalidates_the_saturation ... ok
test tests::materialization::a_materialised_relation_flips_across_an_assertion ... ok
test tests::materialization::a_negated_relation_insert_is_never_folded ... ok
test tests::materialization::a_negative_edge_raises_the_stratum_it_reads_from ... ok
test tests::materialization::a_mid_chain_delta_propagates_upward_only ... ok
test tests::materialization::a_new_root_extends_completed_cones_without_repeating_their_joins ... ok
test tests::materialization::a_mutating_rollback_leaves_no_phantom_in_the_saturation ... ok
test tests::materialization::a_query_about_an_out_of_cone_relation_recomputes ... ok
test tests::materialization::a_relation_whose_negated_dependency_is_unseedable_is_refused_not_completed ... ok
test tests::contradiction_reports::contradictions_report_discloses_incomplete_disjunction_enumeration ... ok
test tests::materialization::a_refused_assertion_leaves_the_live_predicate_cache_untouched ... ok
test tests::materialization::a_constant_rejection_after_a_binding_does_not_strand_it ... ok
test tests::materialization::a_missing_dependency_root_still_requires_saturation ... ok
test tests::materialization::a_shallow_positive_proof_stays_unsaturated ... ok
test tests::materialization::abstraction_digest_prefix_is_canonicalized_from_the_full_key ... ok
test tests::materialization::a_traced_query_agrees_with_its_untraced_twin ... ok
test tests::materialization::an_equality_merge_invalidates_even_though_it_is_out_of_cone ... ok
test tests::materialization::a_repeated_variable_in_one_atom_matches_only_equal_pairs ... ok
test tests::materialization::an_entitlement_is_materialised_without_fabricating_the_actuality ... ok
test tests::materialization::an_in_cone_insert_is_folded_and_an_out_of_cone_one_is_not ... ok
test tests::materialization::an_insert_under_a_negation_invalidates_and_the_verdict_follows ... ok
test tests::materialization::a_four_stratum_negative_chain_agrees_with_backward_chaining ... ok
test tests::materialization::a_refused_assertion_preserves_the_saturation ... ok
test tests::materialization::an_insert_two_hops_below_a_negated_guard_is_not_folded_in ... ok
test tests::materialization::an_identity_restrictor_still_cuts_the_diagonal ... ok
test tests::materialization::an_opaque_projection_materializes_only_its_depth_bound_subject_cone ... ok
test tests::materialization::an_opaque_query_bounds_generic_event_candidate_generation ... ok
test tests::materialization::an_out_of_cone_insert_preserves_the_saturation ... ok
test tests::materialization::bare_temporal_non_lifting_is_identical_with_materialization_on_or_off ... ok
test tests::materialization::completed_dependency_roots_reuse_the_existing_saturation ... ok
test tests::materialization::a_recursive_positive_relation_saturates_to_its_fixpoint ... ok
test tests::materialization::an_opaque_projection_joins_a_derived_subject_chain_before_cartesian_expansion ... ok
test tests::materialization::explicit_temporal_naf_never_uses_the_bare_materialized_extension ... ok
test tests::materialization::explicit_temporal_rule_falls_back_without_changing_the_verdict ... ok
test tests::materialization::extended_cones_refresh_outside_facts_and_refuse_new_shape_gaps ... ok
test tests::materialization::extended_cone_budget_boundaries_match_a_fresh_union ... ok
test tests::materialization::an_opaque_query_does_no_work_for_an_unrelated_binary_transitive_relation ... ok
test tests::materialization::extended_cones_reject_dirty_incomplete_or_newly_unseedable_inputs ... ok
test tests::materialization::join_index_analysis_handles_non_leading_bound_positions ... ok
test tests::materialization::join_index_bounds_transitive_closure_bind_attempts ... ok
test tests::materialization::full_and_delta_constant_indexes_never_alias ... ok
test tests::materialization::legacy_hash_only_abstraction_markers_fail_closed_on_every_buffer_path ... ok
test tests::materialization::equal_abstraction_digest_prefixes_do_not_match_distinct_full_keys ... ok
test tests::materialization::equality_classes_refuse_the_whole_kb ... ok
test tests::materialization::malformed_and_unknown_abstraction_markers_fail_closed ... ok
test tests::materialization::naf_over_a_chain_past_the_depth_bound_becomes_definitive ... ok
test tests::materialization::preserved_saturation_answers_exactly_as_a_rebuilt_one ... ok
test tests::materialization::repeated_and_duplicate_deltas_accumulate_correctly ... ok
test tests::materialization::retraction_invalidates_the_saturation ... ok
test tests::materialization::negated_relations_cover_both_polarities_of_a_shared_subtree ... ok
test tests::materialization::reusable_rule_plan_tracks_mutations_and_keeps_snapshot_isolation ... ok
test tests::materialization::scalar_equality_does_not_admit_a_range_unbound_projection ... ok
test tests::materialization::nested_abstraction_identity_keeps_the_complete_inner_proposition ... ok
test tests::materialization::positive_goal_past_the_depth_bound_becomes_definitive ... ok
test tests::materialization::rule_plan_deduplicates_reads_without_losing_negative_dependencies ... ok
test tests::materialization::naf_verdicts_are_unchanged_by_materialization ... ok
test tests::materialization::specialized_record_kind_is_checked_before_shared_authority_prefixes ... ok
test tests::materialization::an_empty_positive_cycle_becomes_definitive_after_lazy_fallback ... ok
test tests::materialization::shared_join_indexes_do_not_confuse_full_delta_or_later_rounds ... ok
test tests::materialization::the_materialization_mode_survives_reset ... ok
test tests::materialization::scalar_equality_specialization_agrees_with_backward_reasoning ... ok
test tests::materialization::scalar_specialization_rewrites_negative_atoms_and_preserves_withdrawal ... ok
test tests::materialization::toggling_materialization_off_drops_the_saturation ... ok
test tests::materialization::absent_late_constants_skip_earlier_joins_but_growth_still_fires ... ok
test tests::materialization::warming_rule_plan_performs_no_query_and_shares_only_immutable_planning ... ok
test tests::materialization::the_report_names_what_was_saturated ... ok
test tests::memo_regressions::cycle_plus_deep_chain_stays_complete ... ok
test tests::materialization::the_saturated_extension_is_byte_identical ... ok
test tests::memo_regressions::contaminated_depth_cut_is_not_tabled_for_replay ... ok
test tests::memo_regressions::proof_trace_equals_pinned_resolving_depth ... ok
test tests::memo_regressions::depth_cut_table_recovers_deep_surface_chain ... ok
test tests::memo_regressions::proof_trace_overflow_refuses_instead_of_wrapping ... ok
test tests::memo_regressions::proof_trace_byte_deterministic_3x ... ok
test tests::memo_regressions::test_compute_backend_failure_is_unknown_not_false ... ok
test tests::memo_regressions::proof_ref_children_are_holds_true ... ok
test tests::memo_regressions::test_compute_no_backend_is_unknown_not_false ... ok
test tests::memo_regressions::test_proof_memo_correctness ... ok
test tests::memo_regressions::test_prior_compute_success_does_not_mask_backend_outage ... ok
test tests::memo_regressions::test_book_example_no_oom ... ok
test tests::memo_regressions::test_proof_memo_deduplication ... ok
test tests::memo_regressions::test_proof_memo_single_hop_no_unnecessary_refs ... ok
test tests::numeric_compute::a_flat_or_role_spelled_external_compute_fact_is_refused_too ... ok
test tests::numeric_compute::a_flat_raw_ir_comparison_is_refused_too ... ok
test tests::memo_regressions::test_proof_ref_carries_cached_index ... ok
test tests::numeric_compute::a_negated_compute_leaf_under_find_refuses_as_incomplete ... ok
test tests::numeric_compute::a_negated_non_finite_group_refuses_incomplete_collections ... ok
test tests::memo_regressions::depth_cut_table_invalidated_by_assert ... ok
test tests::memo_regressions::test_and_flattening_prevents_rewrite_explosion ... ok
test tests::numeric_compute::a_non_definitive_or_true_leaf_refuses_the_collection_in_either_order ... ok
test tests::numeric_compute::a_number_in_place_three_is_not_an_operational_comparison ... ok
test tests::numeric_compute::a_non_numeric_operand_answers_by_family_and_never_silently_undercounts ... ok
test tests::numeric_compute::a_past_only_number_is_a_member_but_fails_a_present_restrictor ... ok
test tests::numeric_compute::a_non_finite_operand_refuses_incomplete_collections ... ok
test tests::numeric_compute::a_refused_external_compute_name_does_not_burn_a_fact_id ... ok
test tests::numeric_compute::a_registered_external_compute_assertion_gets_the_reserved_name_error ... ok
test tests::numeric_compute::a_reference_external_compute_name_is_refused_in_every_position ... ok
test tests::numeric_compute::a_relational_comparison_still_finds_its_stored_witness ... ok
test tests::numeric_compute::a_refused_comparison_does_not_burn_a_fact_id ... ok
test tests::numeric_compute::a_role_first_arithmetic_group_is_consumed_too ... ok
test tests::numeric_compute::a_relational_comparison_still_asserts_and_still_guards_a_rule ... ok
test tests::numeric_compute::a_numeric_comparison_in_a_rule_is_refused_in_every_position ... ok
test tests::numeric_compute::an_overflowing_arithmetic_result_refuses_incomplete_collections ... ok
test tests::numeric_compute::aggregate_sums_only_witnesses_past_the_threshold ... ok
test tests::numeric_compute::an_unregistered_external_compute_query_stays_closed_world_false ... ok
test tests::numeric_compute::asserted_numbers_are_universal_domain_members ... ok
test tests::numeric_compute::an_arithmetically_false_body_finds_the_numeric_counterexample ... ok
test tests::materialization::first_join_constants_are_indexed_across_unrelated_input_records ... ok
test tests::numeric_compute::compute_and_comparison_role_predicates_are_non_indexable ... ok
test tests::numeric_compute::du_linked_numbers_count_once ... ok
test tests::numeric_compute::find_never_dispatches_to_the_compute_backend ... ok
test tests::numeric_compute::find_row_shape_is_unchanged_by_a_comparison_conjunct ... ok
test tests::numeric_compute::find_row_shape_is_unchanged_by_an_arithmetic_conjunct ... ok
test tests::numeric_compute::non_finite_comparison_is_unknown_on_both_paths ... ok
test tests::numeric_compute::find_over_a_ground_arithmetic_group_agrees_with_the_verdict ... ok
test tests::numeric_compute::negative_numbers_join_the_domain_and_serve_as_counterexamples ... ok
test tests::numeric_compute::non_finite_index_witnesses_remain_outside_exact_count_domain ... ok
test tests::numeric_compute::find_refuses_a_compute_group_on_every_positive_route ... ok
test tests::numeric_compute::queries_still_compute_comparisons_arithmetically ... ok
test tests::numeric_compute::ordinary_fact_cannot_mask_compute_backend_outage ... ok
test tests::numeric_compute::non_finite_numbers_are_excluded_from_the_general_domain ... ok
test tests::numeric_compute::quoted_external_compute_content_stays_assertable ... ok
test tests::numeric_compute::stored_non_finite_witnesses_stay_reachable_through_the_index ... ok
test tests::numeric_compute::stored_statement_ids_referencing_skips_opaque_and_sibling_roots ... ok
test tests::numeric_compute::test_assert_flat_numeric_comparison_rejected ... ok
test tests::numeric_compute::rule_operand_numbers_join_the_domain_like_constants ... ok
test tests::numeric_compute::registered_compute_role_predicates_do_not_anchor_narrowing ... ok
test tests::numeric_compute::test_compute_dilcu_division_by_zero ... ok
test tests::numeric_compute::test_compute_dilcu_true ... ok
test tests::numeric_compute::test_compute_pilji_false ... ok
test tests::numeric_compute::test_compute_negated ... ok
test tests::numeric_compute::test_compute_pilji_true ... ok
test tests::numeric_compute::test_compute_sumji_false ... ok
test tests::numeric_compute::test_compute_sumji_float_tolerance ... ok
test tests::numeric_compute::test_compute_sumji_true ... ok
test tests::numeric_compute::test_decomposed_dilcu_true_and_division_by_zero ... ok
test tests::numeric_compute::test_decomposed_extra_conjunct_falls_through ... ok
test tests::numeric_compute::test_decomposed_greater_true_false ... ok
test tests::numeric_compute::test_decomposed_less_true_false ... ok
test tests::numeric_compute::test_decomposed_compute_group_is_query_only ... ok
test tests::numeric_compute::test_decomposed_negated ... ok
test tests::numeric_compute::stored_statement_ids_referencing_sees_facts_rules_and_naf_bodies ... ok
test tests::numeric_compute::test_decomposed_num_equal_true_false ... ok
test tests::numeric_compute::test_decomposed_pilji_false ... ok
test tests::numeric_compute::test_decomposed_non_numeric_falls_through_to_store ... ok
test tests::numeric_compute::test_decomposed_sumji_float_tolerance ... ok
test tests::numeric_compute::test_decomposed_sumji_true_false ... ok
test tests::numeric_compute::test_decomposed_traced_compute_check ... ok
test tests::numeric_compute::test_decomposed_pilji_true ... ok
test tests::numeric_compute::test_greater_large_numbers ... ok
test tests::numeric_compute::test_greater_non_numeric_fallback ... ok
test tests::numeric_compute::test_greater_negated ... ok
test tests::numeric_compute::test_greater_numeric_true ... ok
test tests::numeric_compute::test_less_numeric_false ... ok
test tests::numeric_compute::test_less_numeric_true ... ok
test tests::numeric_compute::test_num_equal_numeric_false ... ok
test tests::numeric_compute::test_num_equal_numeric_true ... ok
test tests::numeric_compute::test_greater_negative_numbers ... ok
test tests::numeric_compute::verdict_and_find_agree_for_every_arithmetic_relation ... ok
test tests::numeric_compute::verdict_and_find_agree_for_every_comparison ... ok
test tests::numeric_compute::test_greater_numeric_equal_false ... ok
test tests::provenance::cwa_false_flag_set_for_absence_false ... ok
test tests::provenance::duplicate_flat_assertions_retain_each_citation_through_rebuild_and_retraction ... ok
test tests::provenance::forward_cycle_keeps_earliest_presupposition_as_acyclic_primary_support ... ok
test tests::provenance::equality_substitution_cites_the_real_transitive_path ... ok
test tests::provenance::naf_rule_stays_backward_only_across_rebuild_despite_forward_override ... ok
test tests::provenance::reset_clears_rule_execution_overrides ... ok
test tests::numeric_compute::test_greater_numeric_false ... ok
test tests::provenance::rule_execution_override_applies_to_later_registered_rules ... ok
test tests::provenance::cwa_cda_relativity_of_false_and_forall_verified ... ok
test tests::provenance::rule_execution_settings_survive_unrelated_retraction ... ok
test tests::provenance::test_conjunction_both_individually_true ... ok
test tests::provenance::rule_source_ordinals_and_duplicate_citations_survive_rebuild ... ok
test tests::provenance::test_conjunction_introduction_basic ... ok
test tests::provenance::test_conjunction_introduction_cross_position ... ok
test tests::provenance::test_conjunction_introduction_with_derived ... ok
test tests::provenance::test_proof_trace_asserted_fact ... ok
test tests::provenance::test_proof_trace_derived_depth_limit ... ok
test tests::provenance::test_proof_trace_conjunction ... ok
test tests::provenance::test_proof_trace_exists_failed ... ok
test tests::provenance::test_proof_trace_existential_import_presupposition_is_not_asserted ... ok
test tests::provenance::test_proof_trace_exists_witness ... ok
test tests::provenance::test_proof_trace_false_predicate ... ok
test tests::provenance::test_proof_trace_forall ... ok
test tests::provenance::test_proof_trace_multi_hop_derived ... ok
test tests::provenance::test_proof_trace_negation ... ok
test tests::provenance::test_proof_trace_simple_predicate ... ok
test tests::provenance::test_proof_trace_single_hop_derived ... ok
test tests::retraction_negation::negated_conjunct_under_raw_root_exists_records_for_contradictions ... ok
test tests::retraction_negation::retracting_a_flat_number_fact_removes_it_from_the_domain ... ok
test tests::retraction_negation::rebuild_path_retraction_does_not_serve_stale_domain_members ... ok
test tests::retraction_negation::test_list_facts_after_assert ... ok
test tests::retraction_negation::test_list_facts_empty ... ok
test tests::retraction_negation::test_list_facts_excludes_retracted ... ok
test tests::retraction_negation::test_negated_contradicts_derived_positive_cheap_middle ... ok
test tests::retraction_negation::test_negated_derived_positive_control_still_clean_without_negation ... ok
test tests::retraction_negation::test_negated_event_decomposed_fact_contradicts_contrary_positive ... ok
test tests::retraction_negation::test_negated_event_decomposed_fact_ignores_other_entities ... ok
test tests::retraction_negation::test_negated_fact_retraction_clears_contradiction ... ok
test tests::retraction_negation::test_negated_ground_fact_alone_is_not_a_contradiction ... ok
test tests::retraction_negation::test_negated_ground_fact_contradicts_contrary_positive ... ok
test tests::retraction_negation::test_reset_clears_registry ... ok
test tests::retraction_negation::test_retract_and_reassert_new_id ... ok
test tests::retraction_negation::test_retract_basic ... ok
test tests::retraction_negation::negated_event_groups_keep_independent_bindings_and_flavors ... ok
test tests::retraction_negation::test_retract_derived_facts_gone ... ok
test tests::retraction_negation::test_retract_duplicate_ground_fact_keeps_live_copy ... ok
test tests::retraction_negation::test_retract_multi_root_removes_all_roots ... ok
test tests::retraction_negation::test_retract_nonexistent_errors ... ok
test tests::retraction_negation::test_retract_preserves_other_facts ... ok
test tests::retraction_negation::test_retract_idempotent ... ok
test tests::retraction_negation::test_retract_rule_preserves_base_facts ... ok
test tests::rules_edges::bare_universal_second_witness_base_survives_registry_dedup ... ok
test tests::rules_edges::alpha_equivalent_surface_rules_deduplicate_without_orphan_skolems ... ok
test tests::rules_edges::flat_naf_group_skipped_when_positive_condition_definitively_fails ... ok
test tests::provenance::forward_derived_exact_store_hit_keeps_rule_and_premise_provenance ... ok
test tests::retraction_negation::split_roots_keeps_connective_as_one_fact ... ok
test tests::rules_edges::description_import_survives_a_duplicate_first_dnf_branch ... ok
test tests::rules_edges::retracting_a_description_does_not_taint_equal_looking_user_constant_origin ... ok
test tests::rules_edges::naf_groups_skipped_when_positive_conditions_definitively_fail ... ok
test tests::rules_edges::description_import_is_independent_of_alpha_equivalent_rule_dedup ... ok
test tests::rules_edges::rule_identity_distinguishes_flat_naf_polarity_under_one_digest ... ok
test tests::rules_edges::stratification_rollback_pops_flat_plus_group_edges ... ok
test tests::rules_edges::rule_identity_distinguishes_negated_exists_groups_under_one_digest ... ok
test tests::rules_edges::test_assert_and_query_same_fact_twice ... ok
test tests::rules_edges::test_conjunction_introduction_multiple_entities ... ok
test tests::rules_edges::retraction_rebuilds_description_import_claim_from_the_surviving_assertion ... ok
test tests::rules_edges::rules_differing_only_in_head_variable_are_not_duplicates ... ok
test tests::rules_edges::test_disjunction_right_true ... ok
test tests::rules_edges::test_double_negation_elimination ... ok
test tests::rules_edges::test_disjunction_both_false ... ok
test tests::retraction_negation::split_roots_yields_independent_facts ... ok
test tests::rules_edges::test_kb_reset_clears_facts ... ok
test tests::rules_edges::test_kb_reset_resets_skolem_counter ... ok
test tests::rules_edges::test_disjunction_left_true ... ok
test tests::rules_edges::test_query_with_no_facts ... ok
test tests::rules_edges::test_targeted_witness_search_multiple_matches ... ok
test tests::rules_edges::test_kb_reset_clears_rules ... ok
test tests::rules_edges::test_x2_conversion_universal_rule ... ok
test tests::rules_edges::forced_rule_digest_collision_survives_rebuild_and_retraction ... ok
test tests::skolem::test_dependent_skolem_precise_deps_single_universal ... ok
test tests::skolem::test_dependent_skolem_entity_after_rule ... ok
test tests::skolem::test_dependent_skolem_native_rule ... ok
test tests::skolem::test_multi_dep_skolem_registry ... ok
test tests::skolem::test_dependent_skolem_query_existential ... ok
test tests::skolem::test_multi_dep_skolem_different_entities ... ok
test tests::rules_edges::test_x2_conversion_universal_multiple_entities ... ok
test tests::skolem::test_multi_dep_skolem_rule_before_facts ... ok
test tests::skolem::test_skolem_fn_registry_populated ... ok
test tests::skolem::test_multi_dep_skolem_two_universals ... ok
test tests::rules_edges::test_targeted_witness_search_with_fixed_entity ... ok
test tests::skolem_identity::assertion_id_allocator_fails_closed_at_u64_boundary_without_wrapping ... ok
test tests::skolem::test_skolem_fn_multiple_entities ... ok
test tests::skolem_identity::compute_dispatch_refuses_internal_witness_but_accepts_user_sk_0 ... ok
test tests::skolem_identity::negative_group_bridge_never_retypes_internal_skolem_as_user_constant ... ok
test tests::skolem_identity::forall_proof_preserves_origin_for_equal_looking_entities ... ok
test tests::skolem_identity::duplicate_assertion_id_is_rejected_before_skolem_identity_can_be_reused ... ok
test tests::skolem_identity::equal_looking_user_event_cannot_complete_generated_event_roles ... ok
test tests::skolem_identity::proof_memo_uses_structural_fact_identity_not_equal_display_text ... ok
test tests::skolem_identity::user_sk_0_and_generated_skolem_stay_distinct_through_equality_find_count_and_rebuild ... ok
test tests::skolem_identity::user_skolem_fn_spelling_stays_distinct_from_dependent_skolem_identity ... ok
test tests::stacked_modifiers::stacked_wrappers_reject_every_query_and_assertion_ingress_in_both_orders ... ok
test tests::stacked_modifiers::stacked_wrappers_reject_rule_antecedent_conclusion_and_naf_in_both_orders ... ok
test tests::stacked_modifiers::separate_formula_paths_keep_independent_single_flavors ... ok
test tests::strict::constraint_abstraction_identity_is_canonicalized_or_rejected ... ok
test tests::strict::constraint_ingress_refuses_external_compute_names ... ok
test tests::strict::constraint_ingress_refuses_operational_comparisons_but_keeps_relational ... ok
test tests::strict::strict_internal_constraint_rejection_scrubs_store_and_index ... ok
test tests::strict::numeric_comparison_set_matches_the_evaluator_domain ... ok
test tests::strict::strict_mode_is_inert_during_rebuild ... ok
test tests::strict::strict_mode_rejects_arity_mismatch ... ok
test tests::strict::strict_mode_rejects_constraint_violation_atomically ... ok
test tests::tense::nested_deontic_existential_anchors_keep_their_local_flavor ... ok
test tests::tense::exact_tensed_rule_remains_a_candidate_at_the_depth_horizon ... ok
test tests::tense::bare_rule_is_not_a_tensed_candidate_at_the_depth_horizon ... ok
test tests::tense::test_temporal_rule_no_cross_tense ... ok
test tests::tense::test_tense_discrimination_past_vs_future ... ok
test tests::tense::test_tense_discrimination_present_vs_past ... ok
test tests::tense::test_temporal_rules_require_explicit_flavors ... ok
test tests::tense::test_tense_not_transparent ... ok
test tests::tense::test_tensed_antecedent_no_premise_does_not_fire ... ok
test tests::tense::test_tensed_antecedent_bare_premise_does_not_fire ... ok
test tests::tense::test_tensed_antecedent_wrong_tense_does_not_fire ... ok
test tests::tense::existential_anchor_candidates_preserve_all_six_fact_flavors ... ok
test tests::tense::test_tensed_body_universal_does_not_leave_a_bare_rule ... ok
test tests::tense::test_past_tense_wrapper_assert_query ... ok
test tests::tense::test_tensed_antecedent_rule_compiles_and_fires ... ok
test tests::tense::test_whole_rule_obligatory_universal_rejected ... ok
test tests::tense::test_tensed_body_universal_rejected ... ok
test tests::tense::test_tensed_conclusion_rule_fires_on_matching_tense ... ok
test tests::tense::test_tensed_conclusion_no_premise_does_not_fire ... ok
test tests::tense::test_whole_rule_past_tense_universal_rejected ... ok
test tests::test_native_rule_entity_after_rule ... ok
test tests::test_native_rule_simple_universal ... ok
test tests::test_native_rule_selective_application ... ok
test tests::traces::backchain_cycle_cut_trace_parity ... ok
test tests::traces::depth_boundary_contract ... ok
test tests::traces::flat_forall_and_count_over_compute_batch_is_decisive_over_numeric_members ... ok
test tests::traces::forall_genuine_counterexample_still_traced ... ok
test tests::traces::forall_over_compute_body_batch_path ... ok
test tests::traces::false_or_unknown_right_is_unknown ... ok
test tests::traces::non_ground_fact_is_dropped_at_the_assert_boundary ... ok
test tests::materialization::stratification_report_is_stable_and_well_formed ... ok
test tests::traces::exact_count_with_unresolved_member_bounds ... ok
test tests::tense::test_untensed_assert_tensed_query ... ok
test tests::stacked_modifiers::rejection_is_atomic_and_persisted_rows_cannot_bypass_it ... ok
test tests::traces::negate_unknown_inner_yields_naf_dependent ... ok
test tests::traces::trace_does_not_contradict_unknown_cyclecut ... ok
test tests::traces::trace_does_not_show_counterexample_under_depth_exceeded ... ok
test tests::traces::trace_exists_failed_only_when_all_definitively_false ... ok
test tests::traces::trace_naf_flag_false_when_inner_is_unknown ... ok
test tests::traces::trace_soundness_conformance ... ok
test tests::unify_equality::generated_skolem_is_disjoint_from_equal_looking_user_constant ... ok
test tests::traces::flat_forall_and_count_over_compute_batch_stays_non_definitive ... ok
test tests::traces::true_and_unknown_right_is_unknown ... ok
test tests::traces::unknown_left_and_evaluates_right_conjunct ... ok
test tests::materialization::strata_surface_projection_is_lossless ... ok
test tests::unify_equality::synthetic_role_predicate_is_synthetic_and_arity_exempt ... ok
test tests::unify_equality::is_synthetic_role_predicate_classifies_by_suffix ... ok
test tests::unify_equality::test_compute_sccs_partition ... ok
test tests::unify_equality::test_constraint_survives_reset ... ok
test tests::unify_equality::test_constraint_different_entities_no_violation ... ok
test tests::unify_equality::test_equals_multiarg ... ok
test tests::unify_equality::test_equals_no_tensed ... ok
test tests::unify_equality::test_constraint_no_violation ... ok
test tests::unify_equality::test_equals_reflexivity ... ok
test tests::unify_equality::test_constraint_violation_detected ... ok
test tests::unify_equality::test_equals_retraction_rebuild ... ok
test tests::unify_equality::test_equals_basic_substitution ... ok
test tests::unify_equality::test_failure_trace_conjunction_partial ... ok
test tests::unify_equality::test_equals_transitivity ... ok
test tests::unify_equality::test_equals_symmetry ... ok
test tests::unify_equality::test_failure_trace_predicate_not_found ... ok
test tests::unify_equality::test_ground_material_conditional_no_false_positive ... ok
test tests::unify_equality::test_failure_trace_rule_attempt_failed ... ok
test tests::unify_equality::test_equals_with_backward_chain ... ok
test tests::unify_equality::test_hypothetical_with_rule ... ok
test tests::unify_equality::test_hypothetical_doesnt_persist ... ok
test tests::unify_equality::test_hypothetical_query_conjunction ... ok
test tests::unify_equality::test_not_equals_inequality_query ... ok
test tests::unify_equality::test_no_naf_for_positive_fact ... ok
test tests::unify_equality::test_not_equals_transitive_contradiction ... ok
test tests::unify_equality::test_naf_false_when_inner_proved ... ok
test tests::unify_equality::test_naf_dependency_detected ... ok
test tests::unify_equality::test_neg_self_loop_rejected ... ok
test tests::unify_equality::test_not_equals_unrelated_no_contradiction ... ok
test tests::unify_equality::test_predicate_dictionary_source ... ok
test tests::unify_equality::test_predicate_arity_mismatch_detected ... ok
test tests::unify_equality::test_retraction_rebuilds_dep_graph ... ok
test tests::unify_equality::test_predicate_unknown_registered_as_inferred ... ok
test tests::unify_equality::test_predicate_registry_cleared_on_reset ... ok
test tests::unify_equality::test_predicate_valid_arity_consistent ... ok
test tests::unify_equality::test_unify_pattern_var_rebinding_conflict ... ok
test tests::unify_equality::test_safe_stratified_negation ... ok
test tests::unify_equality::test_unify_dep_pair ... ok
test tests::unify_equality::test_unify_skolem_fn_nested ... ok
test tests::unify_equality::test_safe_positive_recursion ... ok
test tests::unify_equality::unify_non_ground_concrete_envelope ... ok
test tests::unify_equality::test_unify_skolem_fn_name_mismatch ... ok
test tests::unify_equality::test_positive_cycle_accepted_all_orderings ... ok
test tests::unify_equality::unify_conformance ... ok
test tests::unify_equality::test_unify_pattern_var_rebinding_consistent ... ok
test tests::unify_equality::test_neg_cycle_rejected_all_orderings ... ok
test tests::witness_closure::domain_planning_compares_shared_identities_once_and_keeps_value_deduplication ... ok
test tests::witness_closure::domain_plan_tracks_generating_rules_without_unquoting_bodies ... ok
test tests::witness_closure::completed_witness_closure_reuses_only_unchanged_state_and_mode ... ok
test tests::witness_closure::compact_batch_graph_preserves_polarities_refusals_and_retraction ... ok
test tests::witness_closure::complete_unary_witness_filter_tracks_growth_and_proof_mode ... ok
test tests::witness_closure::empty_witness_plan_preserves_synthetic_name_collisions_and_invalid_graphs ... ok
test tests::witness_closure::equality_alternatives_preserve_depth_and_proofs ... ok
test tests::witness_closure::generated_dependencies_deduplicate_after_equality_and_retraction ... ok
test tests::witness_closure::finite_nested_witness_chain_reaches_fixed_point ... ok
test tests::witness_closure::generated_individual_exists_zero_count_and_find_agree ... ok
test tests::witness_closure::incomplete_witness_closure_is_never_reused_as_complete ... ok
test tests::witness_closure::incomplete_lower_witness_closure_cannot_enable_negative_guards ... ok
test tests::unify_equality::du_variant_fanout_is_bounded_and_never_a_wrong_false ... ok
test tests::witness_closure::failed_guard_creates_no_individual_and_growing_chase_refuses_count ... ok
test tests::witness_closure::shared_assertion_records_detach_on_scoped_withdrawal ... ok
test tests::witness_closure::witness_congruence_is_symbolic_across_many_equal_dependencies ... ok
test tests::witness_closure::cached_witness_closure_matches_fresh_across_mutations_and_profiles ... ok
test tests::witness_completeness::public_raw_collections_refuse_a_non_definitive_cycle_naf_leaf ... ok
test tests::witness_completeness::definitive_false_absorbs_a_non_definitive_conjunct_in_either_order ... ok
test tests::witnesses::find_dependent_skolem_witness_is_bound_and_unique ... ok
test tests::witnesses::count_witnesses_dedups_or_overlap ... ok
test tests::witnesses::find_dependent_skolem_deterministic_across_instances ... ok
test tests::witnesses::test_find_witnesses_conjunction ... ok
test tests::witnesses::test_find_witnesses_multiple ... ok
test tests::witnesses::test_find_witnesses_no_match ... ok
test tests::witness_closure::witness_closure_memory_and_cancellation_never_return_partial_counts ... ok
test tests::witnesses::test_find_witnesses_single ... ok
test tests::witnesses::test_find_witnesses_dependent_skolem_terms_stay_distinct ... ok
test tests::witnesses::test_find_witnesses_multi_root_join_merges_fresh_bindings ... ok
test tests::witnesses::test_find_witnesses_transitive_chain ... ok
test tests::witness_closure::witness_closure_keeps_source_identity_and_import_profile ... ok
test tests::zoo::bare_rule_is_absent_from_a_tensed_failure_trace ... ok
test tests::witnesses::test_find_witnesses_two_variables ... ok
test tests::witnesses::test_proof_trace_exists_witness_renders_dependent_skolem ... ok
test tests::witness_closure::witness_closure_finishes_lower_strata_before_negative_activation ... ok
test tests::zoo::cross_flavor_rule_trace_discloses_both_wrappers ... ok
test tests::zoo::explicit_temporal_rule_trace_has_no_synthetic_lift_label ... ok
test tests::zoo::test_zoo_multi_hop_temporal_past ... ok
test tests::zoo::test_zoo_mixed_tenses ... ok
test tests::zoo::test_zoo_multi_hop_temporal_present ... ok
test tests::zoo::test_zoo_proof_trace_multi_hop_temporal ... ok
test tests::zoo::test_zoo_witness_extraction_event_decomposed ... ok
test tests::zoo::test_zoo_tense_discrimination ... ok
test tests::witness_closure::reusable_domain_plan_matches_fresh_planning_across_mutations ... ok
test tests::zoo::test_zoo_retraction_with_event_decomposition ... ok
test tests::witnesses::test_find_witnesses_via_universal_rule ... ok
test tests::witness_closure::nested_multi_dependency_families_normalize_each_equal_argument ... ok

test result: ok. 642 passed; 0 failed; 0 ignored; 0 measured; 0 filtered out; finished in 0.11s

